[backblue.gif]
[fade.gif]
[index.html]
[localhost/MyPersonalWebsite/feed/index.html]
[localhost/MyPersonalWebsite/comments/feed/index.html]
[localhost/MyPersonalWebsite/wp-content/themes/twentytwenty/assets/js/index7ef2.js]
[localhost/MyPersonalWebsite/xmlrpc0db0.php]
[localhost/MyPersonalWebsite/wp-json/index.html]
[localhost/MyPersonalWebsite/wp-includes/wlwmanifest.xml]
[localhost/MyPersonalWebsite/wp-includes/js/wp-embed.mind03b.js]
[localhost/MyPersonalWebsite/index.html]
[localhost/MyPersonalWebsite/wp-includes/css/dist/block-library/style.mind03b.css]
[localhost/MyPersonalWebsite/wp-content/themes/twentytwenty/assets/fonts/inter/Inter-upright-var.woff2]
[localhost/MyPersonalWebsite/wp-content/themes/twentytwenty/assets/fonts/inter/Inter-italic-var.woff2]
[localhost/MyPersonalWebsite/wp-content/themes/twentytwenty/style7ef2.css]
[localhost/MyPersonalWebsite/wp-content/themes/twentytwenty/print7ef2.css]
[localhost/MyPersonalWebsite/wp-json/wp/v2/pages/2.json]
[localhost/MyPersonalWebsite/sample-page/feed/index.html]
[localhost/MyPersonalWebsite/wp-json/oembed/1.0/embede52a.json]
[localhost/MyPersonalWebsite/wp-json/oembed/1.0/embeddbab]
[localhost/MyPersonalWebsite/sample-page/index.html]
[localhost/MyPersonalWebsite/category/uncategorized/index.html]
[localhost/MyPersonalWebsite/wp-json/wp/v2/posts/1.json]
[localhost/MyPersonalWebsite/2020/10/15/hello-world/feed/index.html]
[localhost/MyPersonalWebsite/wp-json/oembed/1.0/embed1540.json]
[localhost/MyPersonalWebsite/wp-json/oembed/1.0/embeda58a]
[localhost/MyPersonalWebsite/wp-includes/js/comment-reply.mind03b.js]
[localhost/MyPersonalWebsite/2020/10/15/hello-world/index.html]
[localhost/MyPersonalWebsite/wp-json/wp/v2/users/1.json]
[localhost/MyPersonalWebsite/author/mhdnezam/index.html]
[localhost/MyPersonalWebsite/author/mhdnezam/feed/index.html]
[localhost/MyPersonalWebsite/2020/10/index.html]
[localhost/MyPersonalWebsite/wp-includes/js/jquery/jquery4a5f.js]
[localhost/MyPersonalWebsite/wp-includes/js/zxcvbn-async.min5152.js]
[localhost/MyPersonalWebsite/wp-includes/js/dist/vendor/wp-polyfill.min89b1.js]
[localhost/MyPersonalWebsite/wp-includes/js/dist/vendor/wp-polyfill-fetch.min6e0e.js]
[localhost/MyPersonalWebsite/wp-includes/js/dist/vendor/wp-polyfill-node-contains.min2e00.js]
[localhost/MyPersonalWebsite/wp-includes/js/dist/vendor/wp-polyfill-dom-rect.min2e00.js]
[localhost/MyPersonalWebsite/wp-includes/js/dist/vendor/wp-polyfill-url.min5aed.js]
[localhost/MyPersonalWebsite/wp-includes/js/dist/vendor/wp-polyfill-formdata.mine9bd.js]
[localhost/MyPersonalWebsite/wp-includes/js/dist/vendor/wp-polyfill-element-closest.min4c56.js]
[localhost/MyPersonalWebsite/wp-includes/js/dist/i18n.min77be.js]
[localhost/MyPersonalWebsite/wp-admin/js/password-strength-meter.mind03b.js]
[localhost/MyPersonalWebsite/wp-includes/js/underscore.min4511.js]
[localhost/MyPersonalWebsite/wp-includes/js/wp-util.mind03b.js]
[localhost/MyPersonalWebsite/wp-admin/js/user-profile.mind03b.js]
[localhost/MyPersonalWebsite/wp-login.html]
[localhost/MyPersonalWebsite/index905b.html]
[localhost/MyPersonalWebsite/wp-admin/index.html]
[localhost/MyPersonalWebsite/indexcff1.html]
[localhost/MyPersonalWebsite/2020/10/15/hello-world/index6809.html]
[localhost/MyPersonalWebsite/wp-includes/fonts/dashicons7d4b.eot]
[localhost/MyPersonalWebsite/wp-includes/css/dashicons.mind03b.css]
[localhost/MyPersonalWebsite/wp-includes/fonts/dashicons7d4b.ttf]
[localhost/MyPersonalWebsite/wp-includes/css/buttons.mind03b.css]
[localhost/MyPersonalWebsite/wp-admin/images/loading.gif]
[localhost/MyPersonalWebsite/wp-admin/css/forms.mind03b.css]
[localhost/MyPersonalWebsite/wp-admin/css/l10n.mind03b.css]
[localhost/MyPersonalWebsite/wp-admin/images/w-logo-blue7a53.png]
[localhost/MyPersonalWebsite/wp-admin/css/login.mind03b.css]
[localhost/MyPersonalWebsite/wp-loginc2b6.html]
[localhost/MyPersonalWebsite/wp-loginfee5.html]
[localhost/MyPersonalWebsite/wp-admin/images/wordpress-logo7d6b.svg]
